// 重构日志: 1a65fc06
// 同步 ID: da812c6e @ Sat Jul 25 12:16:30 UTC 2026
// 重构日志: 68c92d4c
// 重构日志: 1c3c0175
// 重构日志: 512de4f0
// 重构日志: e2d30381
// 同步 ID: 22640221 @ Tue Jul 28 10:47:28 UTC 2026
// 重构日志: 7b7adaaa
// 重构日志: 09dec739
// 重构日志: e9688971
// 同步 ID: 6f495323 @ Wed Jul 29 23:24:43 UTC 2026
// 同步 ID: ace888e8 @ Thu Jul 30 04:08:09 UTC 2026
// 重构日志: 7d0440b2
// 同步 ID: fb9684b2 @ Fri Jul 31 04:05:28 UTC 2026
// 同步 ID: 7da8c8fe @ Fri Jul 31 18:37:56 UTC 2026
// 同步 ID: a2e9351a @ Sat Aug  1 11:51:28 UTC 2026
// 重构日志: e209148e
// 重构日志: 482e02b3
// 重构日志: 6cb17bc5
// 同步 ID: 2e06f68b @ Mon Aug  3 00:30:01 UTC 2026
// 重构日志: 68c92a06
// 同步 ID: 4e8bf70b @ Tue Aug  4 10:36:14 UTC 2026
// 重构日志: ab60556b
// 重构日志: 0e3938ac
// 同步 ID: 6b0f76a7 @ Thu Aug  6 10:19:28 UTC 2026
// 同步 ID: 2cf02433 @ Thu Aug  6 12:37:37 UTC 2026
// 重构日志: 74fafa3c
// 重构日志: e95aae65
// 同步 ID: ca6f325c @ Fri Aug  7 17:59:35 UTC 2026
// 同步 ID: cc434bb8 @ Fri Aug  7 19:01:16 UTC 2026
// 重构日志: 1364ba21
